Enter guess: cu[33ms[0mt[33mo[0mme[33mr
[0mEnter guess: [32ms[0mu[33mr[0mv[33mi[0mval
Enter guess: Invalid guess, guess length must match word length
