Enter guess: [32msupercalifragilisticexpialidociou[0mr
Enter guess: [32msupercalifragilisticexpialidocious
[0mFinished in 2 guesses
