Enter guess: [33mb[0macte[33mri[0ma
Enter guess: [33md[0me[33ms[0mc[33mr[32mi[33mb[0me
Enter guess: equat[32mi[33mon
[0mEnter guess: fractu[32mr[0me
Enter guess: ce[33mr[0mem[33mon[0my
Enter guess: [32msongbird
[0mFinished in 6 guesses
